// 重构日志: 507bb2c9
// 同步 ID: a2d95c25 @ Sun Jul 26 16:59:42 UTC 2026
// 重构日志: a67df8e6
// 同步 ID: ab814734 @ Mon Jul 27 13:20:36 UTC 2026
// 重构日志: 9908f978
// 重构日志: bd719b24
// 重构日志: 740a99e7
// 重构日志: 03817547
// 同步 ID: 593f9269 @ Wed Jul 29 16:40:33 UTC 2026
// 同步 ID: cf12d031 @ Wed Jul 29 22:45:05 UTC 2026
// 重构日志: ba5eeeee
// 重构日志: b5e37a75
// 同步 ID: ee0cbc3a @ Thu Jul 30 15:43:38 UTC 2026
// 重构日志: 964adf8c
// 重构日志: a5bfff09
// 同步 ID: a2cc1dd9 @ Fri Jul 31 06:11:59 UTC 2026
// 重构日志: e908cc05
// 同步 ID: c1cf4319 @ Fri Jul 31 16:10:02 UTC 2026
// 重构日志: c75be8de
// 重构日志: a8d00d4f
// 同步 ID: a0a21641 @ Sun Aug  2 12:00:51 UTC 2026
// 同步 ID: 4ec11f52 @ Sun Aug  2 13:33:22 UTC 2026
// 重构日志: 6f429121
// 重构日志: c1d6e317
// 重构日志: 8739e731
// 重构日志: cf39d08f
// 重构日志: cb54a2f6
// 重构日志: 67f5f90f
// 同步 ID: ffd829df @ Mon Aug  3 12:49:40 UTC 2026
// 同步 ID: 4f29d43e @ Mon Aug  3 16:17:59 UTC 2026
// 重构日志: 89cba5c8
// 重构日志: a9011417
